// 重构日志: bf0e6fe5
// 同步 ID: 26df5693 @ Thu Jul 23 16:35:38 UTC 2026
// 重构日志: 0bc59d7d
// 同步 ID: e37796ac @ Fri Jul 24 11:05:59 UTC 2026
// 重构日志: 04e6fae0
// 同步 ID: 9f7cb464 @ Sat Jul 25 11:17:02 UTC 2026
// 重构日志: 772d6b6e
// 重构日志: 97965751
// 同步 ID: 2a468d3b @ Sun Jul 26 08:17:04 UTC 2026
// 同步 ID: a717f1a2 @ Sun Jul 26 10:42:28 UTC 2026
// 重构日志: 1faf7dd9
// 重构日志: 9a8f09ed
// 同步 ID: 752e4e7c @ Thu Jul 30 10:43:45 UTC 2026
// 同步 ID: 35616949 @ Thu Jul 30 17:37:56 UTC 2026
// 重构日志: 1465905c
// 重构日志: f0143d9a
// 同步 ID: 5b0f11f1 @ Sat Aug  1 10:44:34 UTC 2026
// 重构日志: 686c0d7c
// 同步 ID: c3f3747d @ Sat Aug  1 13:13:53 UTC 2026
// 重构日志: c1834e57
// 重构日志: 2ad00ca5
// 同步 ID: 82392f65 @ Sun Aug  2 14:34:37 UTC 2026
// 同步 ID: 1c300534 @ Sun Aug  2 16:26:15 UTC 2026
// 重构日志: cd4560c1
// 同步 ID: 04f33a1e @ Sun Aug  2 18:32:53 UTC 2026
// 重构日志: 7e7b27f7
// 重构日志: 8c235978
// 同步 ID: 047b1063 @ Mon Aug  3 13:17:30 UTC 2026
// 重构日志: 9764065e
// 同步 ID: 0627dd15 @ Tue Aug  4 04:35:33 UTC 2026
// 重构日志: 28cc2a1f
